# serializer version: 1
# name: test_tables_dryrun
  '''
  ['\nSELECT creation_time_tz\nFROM `project.dataset.INFORMATION_SCHEMA.TABLES`\nLEFT JOIN `project.dataset.INFORMATION_SCHEMA.TABLE_STORAGE`\n  USING(table_catalog, table_schema, table_name, creation_time, table_type)\n']
  
  '''
# ---
# name: test_wo_required_opts[`tables` subcommand-tables]
  '''
  Usage: cli tables [OPTIONS]
  Try 'cli tables --help' for help.
  
  Error: Missing option '-p' / '--project'.
  
  '''
# ---
# name: test_wo_required_opts[`tables` subcommand-tables].1
  '''
  Usage: cli tables [OPTIONS]
  Try 'cli tables --help' for help.
  
  Error: Missing option '-p' / '--project'.
  
  '''
# ---
